[htmldemo.net/lukani/lukani/index.html]
[backblue.gif]
[fade.gif]
[index.html]
[htmldemo.net/lukani/lukani/assets/img/favicon.ico]
[htmldemo.net/lukani/lukani/assets/css/bootstrap.min.css]
[htmldemo.net/lukani/lukani/assets/css/owl.carousel.min.css]
[htmldemo.net/lukani/lukani/assets/css/slick.css]
[htmldemo.net/lukani/lukani/assets/css/magnific-popup.css]
[htmldemo.net/lukani/lukani/assets/css/font.awesome.css]
[htmldemo.net/lukani/lukani/assets/css/animate.css]
[htmldemo.net/lukani/lukani/assets/css/jquery-ui.min.css]
[htmldemo.net/lukani/lukani/assets/css/slinky.menu.css]
[htmldemo.net/lukani/lukani/assets/css/plugins.css]
[htmldemo.net/lukani/lukani/assets/css/style.css]
[htmldemo.net/lukani/lukani/assets/js/vendor/modernizr-3.7.1.min.js]
[htmldemo.net/lukani/lukani/index-2.html]
[htmldemo.net/lukani/lukani/index-3.html]
[htmldemo.net/lukani/lukani/index-4.html]
[htmldemo.net/lukani/lukani/index-5.html]
[htmldemo.net/lukani/lukani/shop.html]
[htmldemo.net/lukani/lukani/shop-fullwidth.html]
[htmldemo.net/lukani/lukani/shop-fullwidth-list.html]
[htmldemo.net/lukani/lukani/shop-right-sidebar.html]
[htmldemo.net/lukani/lukani/shop-right-sidebar-list.html]
[htmldemo.net/lukani/lukani/shop-list.html]
[htmldemo.net/lukani/lukani/cart.html]
[htmldemo.net/lukani/lukani/wishlist.html]
[htmldemo.net/lukani/lukani/checkout.html]
[htmldemo.net/lukani/lukani/my-account.html]
[htmldemo.net/lukani/lukani/404.html]
[htmldemo.net/lukani/lukani/product-details.html]
[htmldemo.net/lukani/lukani/product-sidebar.html]
[htmldemo.net/lukani/lukani/product-grouped.html]
[htmldemo.net/lukani/lukani/variable-product.html]
[htmldemo.net/lukani/lukani/blog.html]
[htmldemo.net/lukani/lukani/blog-details.html]
[htmldemo.net/lukani/lukani/blog-fullwidth.html]
[htmldemo.net/lukani/lukani/blog-sidebar.html]
[htmldemo.net/lukani/lukani/about.html]
[htmldemo.net/lukani/lukani/services.html]
[htmldemo.net/lukani/lukani/faq.html]
[htmldemo.net/lukani/lukani/contact.html]
[htmldemo.net/lukani/lukani/login.html]
[htmldemo.net/lukani/lukani/assets/img/logo/logo.png]
[htmldemo.net/lukani/lukani/assets/img/s-product/product.jpg]
[htmldemo.net/lukani/lukani/assets/img/s-product/product2.jpg]
[htmldemo.net/lukani/lukani/shop-left-sidebar.html]
[htmldemo.net/lukani/lukani/assets/img/slider/slider1.jpg]
[htmldemo.net/lukani/lukani/assets/img/slider/slider2.jpg]
[htmldemo.net/lukani/lukani/assets/img/slider/slider3.jpg]
[htmldemo.net/lukani/lukani/assets/img/about/shipping1.png]
[htmldemo.net/lukani/lukani/assets/img/about/shipping2.png]
[htmldemo.net/lukani/lukani/assets/img/about/shipping3.png]
[htmldemo.net/lukani/lukani/assets/img/bg/banner1.jpg]
[htmldemo.net/lukani/lukani/assets/img/bg/banner2.jpg]
[htmldemo.net/lukani/lukani/assets/img/product/product1.jpg]
[htmldemo.net/lukani/lukani/assets/img/product/product2.jpg]
[htmldemo.net/lukani/lukani/assets/img/product/product3.jpg]
[htmldemo.net/lukani/lukani/assets/img/product/product4.jpg]
[htmldemo.net/lukani/lukani/assets/img/product/product5.jpg]
[htmldemo.net/lukani/lukani/assets/img/product/product6.jpg]
[htmldemo.net/lukani/lukani/assets/img/product/product7.jpg]
[htmldemo.net/lukani/lukani/assets/img/product/product8.jpg]
[htmldemo.net/lukani/lukani/assets/img/product/product9.jpg]
[htmldemo.net/lukani/lukani/assets/img/product/product10.jpg]
[htmldemo.net/lukani/lukani/assets/img/about/testimonials-icon.png]
[htmldemo.net/lukani/lukani/assets/img/about/testimonial1.png]
[htmldemo.net/lukani/lukani/assets/img/about/testimonial2.png]
[htmldemo.net/lukani/lukani/assets/img/about/testimonial3.png]
[htmldemo.net/lukani/lukani/assets/img/blog/blog1.jpg]
[htmldemo.net/lukani/lukani/assets/img/blog/blog2.jpg]
[htmldemo.net/lukani/lukani/assets/img/blog/blog3.jpg]
[htmldemo.net/lukani/lukani/assets/img/icon/icon-app.jpg]
[htmldemo.net/lukani/lukani/assets/img/icon/icon1-app.jpg]
[htmldemo.net/lukani/lukani/assets/img/icon/payment.png]
[htmldemo.net/lukani/lukani/assets/img/product/productbig1.jpg]
[htmldemo.net/lukani/lukani/assets/img/product/productbig2.jpg]
[htmldemo.net/lukani/lukani/assets/img/product/productbig3.jpg]
[htmldemo.net/lukani/lukani/assets/img/product/productbig4.jpg]
[htmldemo.net/lukani/lukani/assets/js/vendor/jquery-3.4.1.min.js]
[htmldemo.net/lukani/lukani/assets/js/popper.js]
[htmldemo.net/lukani/lukani/assets/js/bootstrap.min.js]
[htmldemo.net/lukani/lukani/assets/js/owl.carousel.min.js]
[htmldemo.net/lukani/lukani/assets/js/slick.min.js]
[htmldemo.net/lukani/lukani/assets/js/jquery.magnific-popup.min.js]
[htmldemo.net/lukani/lukani/assets/js/jquery.counterup.min.js]
[htmldemo.net/lukani/lukani/assets/js/jquery.countdown.js]
[htmldemo.net/lukani/lukani/assets/js/jquery.ui.js]
[htmldemo.net/lukani/lukani/assets/js/jquery.elevatezoom.js]
[htmldemo.net/lukani/lukani/assets/js/isotope.pkgd.min.js]
[htmldemo.net/lukani/lukani/assets/js/slinky.menu.js]
[htmldemo.net/lukani/lukani/assets/js/plugins.js]
[htmldemo.net/lukani/lukani/index.html]
[htmldemo.net/lukani/lukani/assets/css/bootstrap.min.css]
[htmldemo.net/lukani/lukani/assets/js/main.js]
[htmldemo.net/lukani/lukani/assets/img/icon/owl.video.play.png]
[htmldemo.net/lukani/lukani/assets/css/owl.carousel.min.css]
[htmldemo.net/lukani/lukani/assets/css/slick.css]
[htmldemo.net/lukani/lukani/assets/css/magnific-popup.css]
[htmldemo.net/lukani/lukani/assets/fonts/fontawesome-webfont3e6e.eot]
[htmldemo.net/lukani/lukani/assets/fonts/fontawesome-webfontd41d.eot]
[htmldemo.net/lukani/lukani/assets/fonts/fontawesome-webfont3e6e.woff2]
[htmldemo.net/lukani/lukani/assets/fonts/fontawesome-webfont3e6e.woff]
[htmldemo.net/lukani/lukani/assets/fonts/fontawesome-webfont3e6e.ttf]
[htmldemo.net/lukani/lukani/assets/css/font.awesome.css]
[htmldemo.net/lukani/lukani/assets/css/animate.css]
[htmldemo.net/lukani/lukani/assets/css/jquery-ui.min.css]
[htmldemo.net/lukani/lukani/assets/css/slinky.menu.css]
[htmldemo.net/lukani/lukani/assets/fonts/fontawesome-webfont3e6e.svg]
[htmldemo.net/lukani/lukani/assets/fonts/plaza-icon56cc.ttf]
[htmldemo.net/lukani/lukani/assets/fonts/plaza-icon56cc.eot]
[htmldemo.net/lukani/lukani/assets/fonts/plaza-icon56cc.woff]
[htmldemo.net/lukani/lukani/assets/css/plugins.css]
[htmldemo.net/lukani/lukani/assets/fonts/plaza-icon56cc.svg]
[htmldemo.net/lukani/lukani/assets/img/bg/banner7.jpg]
[htmldemo.net/lukani/lukani/assets/img/bg/bkg_top_vogue2.png]
[htmldemo.net/lukani/lukani/assets/img/icon/bkg_grid.png]
[htmldemo.net/lukani/lukani/assets/img/icon/bkg_grid_hover.png]
[htmldemo.net/lukani/lukani/assets/img/icon/bkg_grid4.png]
[htmldemo.net/lukani/lukani/assets/img/icon/bkg_grid4_hover.png]
[htmldemo.net/lukani/lukani/assets/img/icon/bkg_list.png]
[htmldemo.net/lukani/lukani/assets/img/icon/bkg_list_hover.png]
[htmldemo.net/lukani/lukani/assets/css/style.css]
[htmldemo.net/lukani/lukani/assets/img/slider/slider4.jpg]
[htmldemo.net/lukani/lukani/assets/img/slider/slider5.jpg]
[htmldemo.net/lukani/lukani/assets/img/slider/slider6.jpg]
[htmldemo.net/lukani/lukani/assets/img/brand/brand1.png]
[htmldemo.net/lukani/lukani/assets/img/brand/brand2.png]
[htmldemo.net/lukani/lukani/assets/img/brand/brand3.png]
[htmldemo.net/lukani/lukani/assets/img/brand/brand4.png]
[htmldemo.net/lukani/lukani/assets/img/brand/brand5.png]
[htmldemo.net/lukani/lukani/assets/img/brand/brand6.png]
[htmldemo.net/lukani/lukani/index-2.html]
[htmldemo.net/lukani/lukani/assets/img/slider/slider7.jpg]
[htmldemo.net/lukani/lukani/assets/img/slider/slider8.jpg]
[htmldemo.net/lukani/lukani/assets/img/slider/slider9.jpg]
[htmldemo.net/lukani/lukani/assets/img/bg/img-top-vogue3.png]
[htmldemo.net/lukani/lukani/assets/img/bg/signature.png]
[htmldemo.net/lukani/lukani/index-3.html]
[htmldemo.net/lukani/lukani/assets/img/slider/slider10.jpg]
[htmldemo.net/lukani/lukani/assets/img/slider/slider11.jpg]
[htmldemo.net/lukani/lukani/assets/img/slider/slider12.jpg]
[htmldemo.net/lukani/lukani/assets/img/bg/banner3.jpg]
[htmldemo.net/lukani/lukani/assets/img/bg/banner4.jpg]
[htmldemo.net/lukani/lukani/assets/img/bg/banner5.jpg]
[htmldemo.net/lukani/lukani/assets/img/bg/banner6.jpg]
[htmldemo.net/lukani/lukani/index-4.html]
[htmldemo.net/lukani/lukani/index-5.html]
[htmldemo.net/lukani/lukani/assets/img/product/product11.jpg]
[htmldemo.net/lukani/lukani/assets/img/product/product12.jpg]
[htmldemo.net/lukani/lukani/shop.html]
[htmldemo.net/lukani/lukani/shop-fullwidth.html]
[htmldemo.net/lukani/lukani/shop-fullwidth-list.html]
[htmldemo.net/lukani/lukani/shop-right-sidebar.html]
[htmldemo.net/lukani/lukani/shop-right-sidebar-list.html]
[htmldemo.net/lukani/lukani/shop-list.html]
[htmldemo.net/lukani/lukani/assets/img/s-product/product3.jpg]
[htmldemo.net/lukani/lukani/cart.html]
[htmldemo.net/lukani/lukani/wishlist.html]
[htmldemo.net/lukani/lukani/assets/img/icon/papyel.png]
[htmldemo.net/lukani/lukani/checkout.html]
[htmldemo.net/lukani/lukani/my-account.html]
[htmldemo.net/lukani/lukani/404.html]
[htmldemo.net/lukani/lukani/assets/img/blog/comment2.jpg]
[htmldemo.net/lukani/lukani/product-details.html]
[htmldemo.net/lukani/lukani/product-sidebar.html]
[htmldemo.net/lukani/lukani/product-grouped.html]
[htmldemo.net/lukani/lukani/variable-product.html]
[htmldemo.net/lukani/lukani/assets/img/blog/blogpage1.jpg]
[htmldemo.net/lukani/lukani/assets/img/blog/blogpage2.jpg]
[htmldemo.net/lukani/lukani/assets/img/blog/blogpage6.jpg]
[htmldemo.net/lukani/lukani/assets/img/blog/blogpage3.jpg]
[htmldemo.net/lukani/lukani/assets/img/blog/blogpage4.jpg]
[htmldemo.net/lukani/lukani/assets/img/blog/blogpage5.jpg]
[htmldemo.net/lukani/lukani/assets/img/blog/comment2.png.jpg]
[htmldemo.net/lukani/lukani/assets/img/blog/blog12.jpg]
[htmldemo.net/lukani/lukani/assets/img/blog/blog13.jpg]
[htmldemo.net/lukani/lukani/assets/img/blog/blog14.jpg]
[htmldemo.net/lukani/lukani/assets/img/blog/blog15.jpg]
[htmldemo.net/lukani/lukani/blog.html]
[htmldemo.net/lukani/lukani/assets/img/blog/blog-big1.jpg]
[htmldemo.net/lukani/lukani/assets/img/blog/comment3.png.jpg]
[htmldemo.net/lukani/lukani/blog-details.html]
[htmldemo.net/lukani/lukani/assets/img/blog/blog-big2.jpg]
[htmldemo.net/lukani/lukani/assets/img/blog/blog-big3.jpg]
[htmldemo.net/lukani/lukani/assets/img/blog/blog-big4.jpg]
[htmldemo.net/lukani/lukani/assets/img/blog/blog-big5.jpg]
[htmldemo.net/lukani/lukani/blog-fullwidth.html]
[htmldemo.net/lukani/lukani/blog-sidebar.html]
[htmldemo.net/lukani/lukani/assets/img/about/about1.jpg]
[htmldemo.net/lukani/lukani/assets/img/about/about-us-signature.png]
[htmldemo.net/lukani/lukani/assets/img/about/about-us-policy-bg.jpg]
[htmldemo.net/lukani/lukani/assets/img/about/About_icon1.png]
[htmldemo.net/lukani/lukani/assets/img/about/About_icon2.png]
[htmldemo.net/lukani/lukani/assets/img/about/About_icon3.png]
[htmldemo.net/lukani/lukani/assets/img/about/about2.jpg]
[htmldemo.net/lukani/lukani/assets/img/about/about3.jpg]
[htmldemo.net/lukani/lukani/assets/img/about/about4.jpg]
[htmldemo.net/lukani/lukani/about.html]
[htmldemo.net/lukani/lukani/assets/img/service/services1.jpg]
[htmldemo.net/lukani/lukani/assets/img/service/services2.jpg]
[htmldemo.net/lukani/lukani/assets/img/service/services3.jpg]
[htmldemo.net/lukani/lukani/assets/img/service/services4.jpg]
[htmldemo.net/lukani/lukani/services.html]
[htmldemo.net/lukani/lukani/faq.html]
[htmldemo.net/lukani/lukani/contact.html]
[htmldemo.net/lukani/lukani/login.html]
[htmldemo.net/lukani/lukani/shop-left-sidebar.html]
[htmldemo.net/lukani/lukani/assets/fonts/fontawesome-webfont3e6e.svg]
[htmldemo.net/lukani/lukani/assets/js/map.js]
[htmldemo.net/lukani/lukani/assets/fonts/plaza-icon56cc.svg]
