Checking watering notifications...
Checking watering notifications...
System check identified some issues:
Current season: summer
Management command started
Management command started
Management command started
Management command started
Management command started
Management command started
Management command started
Management command started
Management command started
Management command started
Management command started
hii
Management command started
Management command started
Management command started
Management command started
Management command started
Management command started
Management command started
Management command started
Management command started
Management command started
Management command started
Management command started
Management command started
Management command started
Watering Reminder Command Loaded
Watering Reminder Command Loaded
Watering Reminder Command Loaded
Watering Reminder Command Loaded
Watering Reminder Command Loaded
Watering Reminder Command Loaded
Watering Reminder Command Loaded
Watering Reminder Command Loaded
Watering Reminder Command Loaded
Watering Reminder Command Loaded
Watering Reminder Command Loaded
Watering Reminder Command Loaded
Watering Reminder Command Loaded
Watering Reminder Command Loaded
Watering Reminder Command Loaded
Watering Reminder Command Loaded
Watering Reminder Command Loaded
Watering Reminder Command Loaded
Watering Reminder Command Loaded
Watering Reminder Command Loaded
Watering Reminder Command Loaded
Watering Reminder Command Loaded
Watering Reminder Command Loaded
Watering Reminder Command Loaded
Watering Reminder Command Loaded
Watering Reminder Command Loaded
Watering Reminder Command Loaded
Watering Reminder Command Loaded
Watering Reminder Command Loaded
Watering Reminder Command Loaded
Watering Reminder Command Loaded
Watering Reminder Command Loaded
Watering Reminder Command Loaded
Watering Reminder Command Loaded
Watering Reminder Command Loaded
Watering Reminder Command Loaded
Watering Reminder Command Loaded
Watering Reminder Command Loaded
Watering Reminder Command Loaded
Watering Reminder Command Loaded
Watering Reminder Command Loaded
Watering Reminder Command Loaded
Watering Reminder Command Loaded
Watering Reminder Command Loaded
Watering Reminder Command Loaded
Watering Reminder Command Loaded
Watering Reminder Command Loaded
Watering Reminder Command Loaded
Watering Reminder Command Loaded
Watering Reminder Command Loaded
Watering Reminder Command Loaded
Watering Reminder Command Loaded
Watering Reminder Command Loaded
Watering Reminder Command Loaded
Watering Reminder Command Loaded
Watering Reminder Command Loaded
Watering Reminder Command Loaded
Watering Reminder Command Loaded
Watering Reminder Command Loaded
Watering Reminder Command Loaded
Watering Reminder Command Loaded
Watering Reminder Command Loaded
Watering Reminder Command Loaded
Watering Reminder Command Loaded
Watering Reminder Command Loaded
Watering Reminder Command Loaded
Watering Reminder Command Loaded
Watering Reminder Command Loaded
Watering Reminder Command Loaded
Watering Reminder Command Loaded
Watering Reminder Command Loaded
Watering Reminder Command Loaded
Watering Reminder Command Loaded
Watering Reminder Command Loaded
Watering Reminder Command Loaded
Watering Reminder Command Loaded
Watering Reminder Command Loaded
Watering Reminder Command Loaded
Watering Reminder Command Loaded
Watering Reminder Command Loaded
Watering Reminder Command Loaded
Watering Reminder Command Loaded
Watering Reminder Command Loaded
